
source check_z014_source_hygiene
PASS: Z-014/Z-015 source-only architecture/safety hygiene contract
  scanned production C/H files: 104
  portable core: no RTOS/HAL/platform imports
  runtime: static/no-workqueue; app hardware ownership remains abstracted
  authority: no BMS_OK assert path, no balancing surface
  watchdog: sole feeder, no disable path, runtime-owned heartbeat evidence

source check_z015_source_hygiene
PASS: Z-015 private SPI6 + HAL-driver source/architecture safety contract
  stock spi_stm32 ownership: structurally absent
  SPI6 IRQ/DMA/async path: absent; NVIC line disabled + pending-cleared
  transfer engine: bounded synchronous owner; illegal/reentrant attempts durably counted
  current ADC: private bounded polling; transient timeout recovery; generic adc_stm32 absent
  fan: output-only TIM3/4/5 capture IRQs disabled + pending-cleared
  runtime: base zero transfers; Z016 finite read-only probe; Z017 single-owner monitor acquisition; no ADBMS safety evidence

source check_z016_link_contract
PASS: Z016 String B/one-SMB read-only profile, typed ownership/integrity/timing contract

source check_z017_contract
PASS: Z017 source contract (String-B one-SMB init/POST/safe-inhibit/coherent C acquisition)

source check_z018_contract
PASS Z018 source contract: primary scan, diagnostics, ownership, restoration, no authority

inherited mutations z014
PASS: Z-014 contract mutation suite (18 unsafe mutations rejected)
  rejected: direct wdt_feed bypass
  rejected: second platform feeder
  rejected: placeholder safety evidence
  rejected: stack percentage size weakening
  rejected: heartbeat time outside lock
  rejected: BMS authority enabled
  rejected: unmigrated TEMP evidence
  rejected: IWDG disable path
  rejected: invalid heartbeat-mask guard removal
  rejected: invalid stale-mask guard removal
  rejected: heartbeat grace duplicate source
  rejected: platform/policy timeout bind removal
  rejected: dynamic allocation in production runtime
  rejected: raw MCU register in app
  rejected: positive BMS_OK authority API
  rejected: frozen power-core source drift
  rejected: fatal halt before direct fail-low
  rejected: runtime-start failure returns instead of panicking
  pass: generated Zephyr syscall C ignored as non-production source
  pass: hidden default-n capabilities may be absent from .config

inherited mutations z015
PASS: Z-015 contract mutation suite (47 unsafe mutations rejected)
  rejected: stock_spi6_enabled
  rejected: generic_spi_enabled
  rejected: spi_async_enabled
  rejected: spi_rtio_enabled
  rejected: spi_dma_enabled
  rejected: lto_enabled
  rejected: soft_nss_reintroduced
  rejected: cs_b_pf4
  rejected: spi_sck_wrong_pin
  rejected: input_clock_drift
  rejected: prescaler_drift
  rejected: frequency_drift
  rejected: timeout_drift
  rejected: transfer_bound_drift
  rejected: dummy_byte_drift
  rejected: mode0_polarity
  rejected: mode0_phase
  rejected: irq_enable
  rejected: pending_clear_removed
  rejected: zephyr44_nonexistent_pending_api
  rejected: poll_yield_inserted
  rejected: stock_transceive_added
  rejected: reset_recovery_removed
  rejected: integrity_counter_removed
  rejected: public_raw_transfer_leak
  rejected: application_direct_transport
  rejected: adbms_actor_promoted
  rejected: adbms_evidence_promoted
  rejected: physical_validation_faked
  rejected: generic_adc_enabled
  rejected: adc_async_enabled
  rejected: adc_dma_enabled
  rejected: adc1_generic_owner_enabled
  rejected: adc_common_reset_drift
  rejected: adc_irq_enabled
  rejected: adc_pending_clear_removed
  rejected: adc_recovery_reset_removed
  rejected: adc_timeout_made_terminal
  rejected: adc_timeout_boundary_drift
  rejected: adc_timeout_recheck_removed
  rejected: adc_success_strt_clear_removed
  rejected: adc_poll_yield_inserted
  rejected: fan_output_irq_disable_removed
  rejected: fan_output_irq_clear_removed
  rejected: manifest_adc_async_lie
  rejected: adc3_generic_owner_enabled
  rejected: wake_api

mutations z016
PASS: Z016 String B/one-SMB read-only profile, typed ownership/integrity/timing contract
PASS: 12 Z016 unsafe profile/protocol/ownership/timing changes rejected

mutations z017
PASS: Z017 source contract (String-B one-SMB init/POST/safe-inhibit/coherent C acquisition)
PASS: 26 Z017 unsafe profile/protocol/ownership/coherence/authority changes rejected

mutations z018
PASS Z018 source contract: primary scan, diagnostics, ownership, restoration, no authority
PASS Z018 mutations: 54/54 rejected

monitor test
make: Entering directory '/workspace/scratch/ab79b60650ff/resume_z024/DER27-AMS-zephyr/tests/unit/adbms_monitor'
cc -std=c11 -Wall -Wextra -Werror -pedantic -I../../../lib/ams_core/include  -O2 monitor_test.c ../../../lib/ams_core/adbms/ams_adbms_protocol.c ../../../lib/ams_core/adbms/ams_cell_image.c ../../../lib/ams_core/adbms/ams_temp_image.c ../../../lib/ams_core/adbms/ams_thermistor.c ../../../lib/ams_core/adbms/ams_adbms_monitor.c -lm -o monitor_test
./monitor_test
PASS Z019: config fingerprints, remote reset, stale epoch withdrawal, fresh recovery, SID mismatch, UNSNAP debt, exhaustive repair transfer faults, terminal no-retry
PASS Z018 monitor: routing, COMM golden frame/ACK, partial capture, uncertainty, AUX2/OW restoration, exhaustive transfer faults, temperature history + 50000 randomized steps
PASS Z017 monitor: startup/POST/config/balance-inhibit/counter/snapshot ownership/exhaustive transfer-fault/epoch expiry/products/history boundaries; 50000 randomized cell-history steps
make: Leaving directory '/workspace/scratch/ab79b60650ff/resume_z024/DER27-AMS-zephyr/tests/unit/adbms_monitor'

monitor adapter
make: Entering directory '/workspace/scratch/ab79b60650ff/resume_z024/DER27-AMS-zephyr/tests/unit/adbms_monitor'
cc -std=c11 -Wall -Wextra -Werror -pedantic -I../../../lib/ams_core/include  -DCONFIG_AMS_Z017_CELL_VALIDATION=1 -DCONFIG_AMS_Z016_LINK_PROBE=0 -I../adbms_spi/fake_zephyr -I../../../drivers/ams -I../../../include -O2 adapter_test.c ../adbms_spi/fake_zephyr/fake_zephyr_spi.c ../../../drivers/ams/adbms_time_zephyr.c ../../../drivers/ams/adbms_monitor_zephyr.c -o adapter_test
./adapter_test
PASS Z017/Z018/Z019 Zephyr monitor adapter: owner-only String-B seam, cooperative timing, copied snapshot
make: Leaving directory '/workspace/scratch/ab79b60650ff/resume_z024/DER27-AMS-zephyr/tests/unit/adbms_monitor'

monitor adapter-z018
make: Entering directory '/workspace/scratch/ab79b60650ff/resume_z024/DER27-AMS-zephyr/tests/unit/adbms_monitor'
cc -std=c11 -Wall -Wextra -Werror -pedantic -I../../../lib/ams_core/include  -DCONFIG_AMS_Z018_TEMP_VALIDATION=1 -I../adbms_spi/fake_zephyr -I../../../drivers/ams -I../../../include -DCONFIG_AMS_Z018_AUX2_DIAGNOSTIC=0 -DCONFIG_AMS_Z018_THERM_OW_DIAGNOSTIC=0 -O2 adapter_test.c ../adbms_spi/fake_zephyr/fake_zephyr_spi.c ../../../drivers/ams/adbms_time_zephyr.c ../../../drivers/ams/adbms_monitor_zephyr.c -o adapter_z018_test
./adapter_z018_test
PASS Z017/Z018/Z019 Zephyr monitor adapter: owner-only String-B seam, cooperative timing, copied snapshot
make: Leaving directory '/workspace/scratch/ab79b60650ff/resume_z024/DER27-AMS-zephyr/tests/unit/adbms_monitor'

monitor adapter-z018-diag
make: Entering directory '/workspace/scratch/ab79b60650ff/resume_z024/DER27-AMS-zephyr/tests/unit/adbms_monitor'
cc -std=c11 -Wall -Wextra -Werror -pedantic -I../../../lib/ams_core/include  -DCONFIG_AMS_Z018_TEMP_VALIDATION=1 -I../adbms_spi/fake_zephyr -I../../../drivers/ams -I../../../include -DCONFIG_AMS_Z018_AUX2_DIAGNOSTIC=1 -DCONFIG_AMS_Z018_THERM_OW_DIAGNOSTIC=1 -O2 adapter_test.c ../adbms_spi/fake_zephyr/fake_zephyr_spi.c ../../../drivers/ams/adbms_time_zephyr.c ../../../drivers/ams/adbms_monitor_zephyr.c -o adapter_z018_diag_test
./adapter_z018_diag_test
PASS Z017/Z018/Z019 Zephyr monitor adapter: owner-only String-B seam, cooperative timing, copied snapshot
make: Leaving directory '/workspace/scratch/ab79b60650ff/resume_z024/DER27-AMS-zephyr/tests/unit/adbms_monitor'

monitor thermistor
make: Entering directory '/workspace/scratch/ab79b60650ff/resume_z024/DER27-AMS-zephyr/tests/unit/adbms_monitor'
cc -std=c11 -Wall -Wextra -Werror -pedantic -I../../../lib/ams_core/include  -O2 thermistor_oracle_test.c ../../../lib/ams_core/adbms/ams_thermistor.c -lm -o thermistor_test
./thermistor_test
PASS golden table points
PASS dense LUT/equation parity
PASS ADBMS raw round-trip
PASS raw zero is valid
PASS sentinels and electrical faults
PASS model clamping
PASS divider/reference boundaries
PASS monotonicity/endpoints
PASS status strings/metadata
PASS invalid inputs
All thermistor model unit tests passed.
make: Leaving directory '/workspace/scratch/ab79b60650ff/resume_z024/DER27-AMS-zephyr/tests/unit/adbms_monitor'

monitor asan
make: Entering directory '/workspace/scratch/ab79b60650ff/resume_z024/DER27-AMS-zephyr/tests/unit/adbms_monitor'
cc -std=c11 -Wall -Wextra -Werror -pedantic -I../../../lib/ams_core/include  -O1 -g -fsanitize=address -fno-omit-frame-pointer monitor_test.c ../../../lib/ams_core/adbms/ams_adbms_protocol.c ../../../lib/ams_core/adbms/ams_cell_image.c ../../../lib/ams_core/adbms/ams_temp_image.c ../../../lib/ams_core/adbms/ams_thermistor.c ../../../lib/ams_core/adbms/ams_adbms_monitor.c -lm -o monitor_test_asan
ASAN_OPTIONS=detect_leaks=0 ./monitor_test_asan
PASS Z019: config fingerprints, remote reset, stale epoch withdrawal, fresh recovery, SID mismatch, UNSNAP debt, exhaustive repair transfer faults, terminal no-retry
PASS Z018 monitor: routing, COMM golden frame/ACK, partial capture, uncertainty, AUX2/OW restoration, exhaustive transfer faults, temperature history + 50000 randomized steps
PASS Z017 monitor: startup/POST/config/balance-inhibit/counter/snapshot ownership/exhaustive transfer-fault/epoch expiry/products/history boundaries; 50000 randomized cell-history steps
make: Leaving directory '/workspace/scratch/ab79b60650ff/resume_z024/DER27-AMS-zephyr/tests/unit/adbms_monitor'

monitor ubsan
make: Entering directory '/workspace/scratch/ab79b60650ff/resume_z024/DER27-AMS-zephyr/tests/unit/adbms_monitor'
cc -std=c11 -Wall -Wextra -Werror -pedantic -I../../../lib/ams_core/include  -O1 -g -fsanitize=undefined -fno-omit-frame-pointer monitor_test.c ../../../lib/ams_core/adbms/ams_adbms_protocol.c ../../../lib/ams_core/adbms/ams_cell_image.c ../../../lib/ams_core/adbms/ams_temp_image.c ../../../lib/ams_core/adbms/ams_thermistor.c ../../../lib/ams_core/adbms/ams_adbms_monitor.c -lm -o monitor_test_ubsan
./monitor_test_ubsan
PASS Z019: config fingerprints, remote reset, stale epoch withdrawal, fresh recovery, SID mismatch, UNSNAP debt, exhaustive repair transfer faults, terminal no-retry
PASS Z018 monitor: routing, COMM golden frame/ACK, partial capture, uncertainty, AUX2/OW restoration, exhaustive transfer faults, temperature history + 50000 randomized steps
PASS Z017 monitor: startup/POST/config/balance-inhibit/counter/snapshot ownership/exhaustive transfer-fault/epoch expiry/products/history boundaries; 50000 randomized cell-history steps
make: Leaving directory '/workspace/scratch/ab79b60650ff/resume_z024/DER27-AMS-zephyr/tests/unit/adbms_monitor'

monitor analyze
make: Entering directory '/workspace/scratch/ab79b60650ff/resume_z024/DER27-AMS-zephyr/tests/unit/adbms_monitor'
make: Leaving directory '/workspace/scratch/ab79b60650ff/resume_z024/DER27-AMS-zephyr/tests/unit/adbms_monitor'

Z016 link/probe
make: Entering directory '/workspace/scratch/ab79b60650ff/resume_z024/DER27-AMS-zephyr/tests/unit/adbms_link'
cc -std=c11 -Wall -Wextra -Werror -pedantic -Wno-error=pedantic -I../../../lib/ams_core/include -Ioracle  -O2 link_test.c oracle/adbms_shared.c ../../../lib/ams_core/adbms/ams_adbms_protocol.c ../../../lib/ams_core/adbms/ams_adbms_link.c -o link_test
In file included from oracle/adbms_shared.c:9:
oracle/ext_drivers/adbms_shared.h:470:23: warning: ISO C restricts enumerator values to range of ‘int’ before C2X [-Wpedantic]
  470 |   I1D               = 0x80000000U,
      |                       ^~~~~~~~~~~
./link_test
PASS Z016 link: 200000 differential PEC checks; counter/session/error boundaries
cc -std=c11 -Wall -Wextra -Werror -pedantic -Wno-error=pedantic -I../../../lib/ams_core/include -Ioracle  -DCONFIG_AMS_Z016_LINK_PROBE=1 -I../adbms_spi/fake_zephyr -I../../../drivers/ams -I../../../include -O2 adapter_test.c ../adbms_spi/fake_zephyr/fake_zephyr_spi.c ../../../drivers/ams/adbms_spi_engine.c ../../../drivers/ams/adbms_spi_stm32.c ../../../drivers/ams/adbms_time_zephyr.c -o adapter_test
./adapter_test
PASS Z016 production wake/time: owner, String B, CS cleanup, finite timing failure
./adapter_test stalled
PASS Z016 production wake/time: owner, String B, CS cleanup, finite timing failure
./adapter_test cs-fault
PASS Z016 production wake/time: owner, String B, CS cleanup, finite timing failure
cc -std=c11 -Wall -Wextra -Werror -pedantic -Wno-error=pedantic -I../../../lib/ams_core/include -Ioracle  -DCONFIG_AMS_Z016_LINK_PROBE=1 -I../adbms_spi/fake_zephyr -I../../../drivers/ams -I../../../include -O2 probe_test.c ../../../drivers/ams/adbms_link_probe.c ../../../lib/ams_core/adbms/ams_adbms_protocol.c ../../../lib/ams_core/adbms/ams_adbms_link.c -o probe_test
./probe_test
Z016 String B / 1 SMB probe step 0 result 0
Z016 String B / 1 SMB probe step 1 result 0
Z016 String B / 1 SMB probe step 2 result 0
Z016 String B / 1 SMB probe step 3 result 0
PASS Z016 production finite probe: allowed frames, stop-on-error, no repeat after completion
./probe_test bad-pec
Z016 String B / 1 SMB probe step 0 result 0
Z016 String B / 1 SMB probe step 1 result 7
PASS Z016 production finite probe: allowed frames, stop-on-error, no repeat after completion
make: Leaving directory '/workspace/scratch/ab79b60650ff/resume_z024/DER27-AMS-zephyr/tests/unit/adbms_link'
